 abc

 Timestamp is 63255017 (Sat Sep 17 12:41:59 2022)

 Preferred load address is 00400000

 Start         Length     Name                   Class
 0001:00000000 00000d8dH .text$mn                CODE
 0002:00000000 0000001cH .rdata                  DATA
 0002:0000001c 00000000H .edata                  DATA
 0002:0000001c 00000020H .rdata$voltmd           DATA
 0002:0000003c 00000058H .rdata$zzzdbg           DATA

  Address         Publics by Value              Rva+Base       Lib:Object

 0000:00000000       ___AbsoluteZero            00000000     <absolute>
 0000:00000000       ___arm64x_extra_rfe_table  00000000     <absolute>
 0000:00000000       ___arm64x_extra_rfe_table_size 00000000     <absolute>
 0000:00000000       ___arm64x_native_entrypoint 00000000     <absolute>
 0000:00000000       ___arm64x_redirection_metadata 00000000     <absolute>
 0000:00000000       ___arm64x_redirection_metadata_count 00000000     <absolute>
 0000:00000000       ___dynamic_value_reloc_table 00000000     <absolute>
 0000:00000000       ___enclave_config          00000000     <absolute>
 0000:00000000       ___guard_check_icall_a64n_fptr 00000000     <absolute>
 0000:00000000       ___guard_eh_cont_count     00000000     <absolute>
 0000:00000000       ___guard_eh_cont_table     00000000     <absolute>
 0000:00000000       ___guard_fids_count        00000000     <absolute>
 0000:00000000       ___guard_fids_table        00000000     <absolute>
 0000:00000000       ___guard_flags             00000000     <absolute>
 0000:00000000       ___guard_iat_count         00000000     <absolute>
 0000:00000000       ___guard_iat_table         00000000     <absolute>
 0000:00000000       ___guard_longjmp_count     00000000     <absolute>
 0000:00000000       ___guard_longjmp_table     00000000     <absolute>
 0000:00000000       ___hybrid_auxiliary_iat    00000000     <absolute>
 0000:00000000       ___hybrid_auxiliary_iat_copy 00000000     <absolute>
 0000:00000000       ___hybrid_code_map         00000000     <absolute>
 0000:00000000       ___hybrid_code_map_count   00000000     <absolute>
 0000:00000000       ___x64_code_ranges_to_entry_points 00000000     <absolute>
 0000:00000000       ___x64_code_ranges_to_entry_points_count 00000000     <absolute>
 0001:00000000       ??0workspace@@QAE@AAUmsvc@@@Z 00401000 f i main.obj
 0001:0000074b       ??1workspace@@QAE@XZ       0040174b f i main.obj
 0001:0000076a       _entry                     0040176a f   main.obj
 0001:000008aa       ?GetProcAddressWithHash@@YAPAXKK@Z 004018aa f   base.obj
 0001:0000098d       ??0cabinet@@QAE@ABUkernel@@@Z 0040198d f   core_def.obj
 0001:00000a18       ??0kernel@@QAE@XZ          00401a18 f   core_def.obj
 0001:00000a98       ??0msvc@@QAE@ABUkernel@@@Z 00401a98 f   core_def.obj
 0001:00000ba0       ??0logstream@@QAE@AAUmsvc@@PBD@Z 00401ba0 f   logstream.obj
 0001:00000bf2       ??1logstream@@QAE@XZ       00401bf2 f   logstream.obj
 0001:00000c0c       ??6logstream@@QAEAAU0@H@Z  00401c0c f   logstream.obj
 0001:00000c7b       ??6logstream@@QAEAAU0@PBD@Z 00401c7b f   logstream.obj
 0001:00000ca0       ?flush@logstream@@QAEXXZ   00401ca0 f   logstream.obj
 0001:00000cec       ?write@logstream@@QAEKPBXKK@Z 00401cec f   logstream.obj
 0002:0000001c       ___volatile_metadata       0040201c     <linker-defined>

 entry point at        0001:0000076a

 Static symbols

