 proc

 Timestamp is 631c6219 (Sat Sep 10 18:08:25 2022)

 Preferred load address is 00400000

 Start         Length     Name                   Class
 0001:00000000 00000bd6H .text$mn                CODE
 0002:00000000 0000001cH .rdata                  DATA
 0002:0000001c 00000000H .edata                  DATA
 0002:0000001c 00000020H .rdata$voltmd           DATA
 0002:0000003c 00000058H .rdata$zzzdbg           DATA

  Address         Publics by Value              Rva+Base       Lib:Object

 0000:00000000       ___AbsoluteZero            00000000     <absolute>
 0000:00000000       ___arm64x_extra_rfe_table  00000000     <absolute>
 0000:00000000       ___arm64x_extra_rfe_table_size 00000000     <absolute>
 0000:00000000       ___arm64x_native_entrypoint 00000000     <absolute>
 0000:00000000       ___arm64x_redirection_metadata 00000000     <absolute>
 0000:00000000       ___arm64x_redirection_metadata_count 00000000     <absolute>
 0000:00000000       ___dynamic_value_reloc_table 00000000     <absolute>
 0000:00000000       ___enclave_config          00000000     <absolute>
 0000:00000000       ___guard_check_icall_a64n_fptr 00000000     <absolute>
 0000:00000000       ___guard_eh_cont_count     00000000     <absolute>
 0000:00000000       ___guard_eh_cont_table     00000000     <absolute>
 0000:00000000       ___guard_fids_count        00000000     <absolute>
 0000:00000000       ___guard_fids_table        00000000     <absolute>
 0000:00000000       ___guard_flags             00000000     <absolute>
 0000:00000000       ___guard_iat_count         00000000     <absolute>
 0000:00000000       ___guard_iat_table         00000000     <absolute>
 0000:00000000       ___guard_longjmp_count     00000000     <absolute>
 0000:00000000       ___guard_longjmp_table     00000000     <absolute>
 0000:00000000       ___hybrid_auxiliary_iat    00000000     <absolute>
 0000:00000000       ___hybrid_auxiliary_iat_copy 00000000     <absolute>
 0000:00000000       ___hybrid_code_map         00000000     <absolute>
 0000:00000000       ___hybrid_code_map_count   00000000     <absolute>
 0000:00000000       ___x64_code_ranges_to_entry_points 00000000     <absolute>
 0000:00000000       ___x64_code_ranges_to_entry_points_count 00000000     <absolute>
 0001:00000000       ??0workspace@@QAE@AAUmsvc@@@Z 00401000 f i iat_relocation.obj
 0001:000003e5       ??1workspace@@QAE@XZ       004013e5 f i iat_relocation.obj
 0001:00000404       ?Proc@@YAIAAUkernel@@AAUmsvc@@AAUlogstream@@AAUworkspace@@KPAX@Z 00401404 f   iat_relocation.obj
 0001:0000062f       _entry@4                   0040162f f   iat_relocation.obj
 0001:000006f3       ?GetProcAddressWithHash@@YAPAXKK@Z 004016f3 f   base.obj
 0001:000007d6       ??0cabinet@@QAE@ABUkernel@@@Z 004017d6 f   core_def.obj
 0001:00000861       ??0kernel@@QAE@XZ          00401861 f   core_def.obj
 0001:000008e1       ??0msvc@@QAE@ABUkernel@@@Z 004018e1 f   core_def.obj
 0001:000009e9       ??0logstream@@QAE@AAUmsvc@@PBD@Z 004019e9 f   logstream.obj
 0001:00000a3b       ??1logstream@@QAE@XZ       00401a3b f   logstream.obj
 0001:00000a55       ??6logstream@@QAEAAU0@H@Z  00401a55 f   logstream.obj
 0001:00000ac4       ??6logstream@@QAEAAU0@PBD@Z 00401ac4 f   logstream.obj
 0001:00000ae9       ?flush@logstream@@QAEXXZ   00401ae9 f   logstream.obj
 0001:00000b35       ?write@logstream@@QAEKPBXKK@Z 00401b35 f   logstream.obj
 0002:0000001c       ___volatile_metadata       0040201c     <linker-defined>

 entry point at        0001:0000062f

 Static symbols

